// Jest Snapshot v1, https://goo.gl/fbAQLP

exports[`<Nav/> renders a minimal nav when signed out 1`] = `
<div>
  <ul
    class="NavStyles-sc-11c0d2g-0 dDiqeM"
    data-test="nav"
  >
    <a
      href="/items"
    >
      Shop
    </a>
    <a
      href="/signup"
    >
      Sign In
    </a>
  </ul>
</div>
`;
